// Jest Snapshot v1, https://goo.gl/fbAQLP

exports[`WhatToExpectSection Snapshot matches snapshot to prevent visual regression 1`] = `
<section
  class="relative py-16 lg:py-24 bg-gradient-to-br from-secondary-50 via-white to-primary-50 overflow-hidden"
>
  <div
    class="absolute top-20 left-10 w-32 h-32 bg-accent-400/5 rounded-full blur-xl"
  />
  <div
    class="absolute bottom-20 right-10 w-48 h-48 bg-primary-600/5 rounded-full blur-2xl"
  />
  <div
    class="relative container mx-auto px-6 lg:px-8"
  >
    <div
      class="max-w-6xl mx-auto"
    >
      <div
        class="text-center mb-16"
      >
        <h2
          class="font-heading text-3xl lg:text-4xl font-bold text-primary-800 mb-6"
        >
          What to Expect in Your Consultation
        </h2>
        <p
          class="text-lg text-secondary-600 font-serif max-w-2xl mx-auto leading-relaxed"
        >
          Our structured approach ensures you get maximum value from every consultation session
        </p>
      </div>
      <div
        class="grid grid-cols-1 md:grid-cols-3 gap-8 lg:gap-12"
      >
        <div
          class="rounded-lg border text-card-foreground shadow-sm group relative bg-white border-gray-200 shadow-brand hover:shadow-accent transition-all duration-300 hover:scale-105 transform-gpu"
        >
          <div
            class="p-8 text-center"
          >
            <div
              class="flex flex-col items-center space-y-6"
            >
              <div
                class="relative"
              >
                <div
                  class="w-16 h-16 rounded-full bg-gradient-accent flex items-center justify-center group-hover:scale-110 transition-transform duration-300"
                >
                  <div
                    class="w-8 h-8 text-white"
                    data-testid="search-icon"
                  >
                    Search Icon
                  </div>
                </div>
                <div
                  class="absolute inset-0 rounded-full bg-white/10 backdrop-blur-sm opacity-0 group-hover:opacity-100 transition-opacity duration-300"
                />
              </div>
              <div
                class="space-y-3"
              >
                <h3
                  class="font-heading font-semibold text-xl text-primary-800 group-hover:text-primary-900 transition-colors duration-300"
                >
                  Comprehensive Assessment
                </h3>
                <p
                  class="text-secondary-600 leading-relaxed font-serif text-base"
                >
                  Analysis of current workflows and identification of automation opportunities tailored to your specific business needs
                </p>
              </div>
            </div>
          </div>
        </div>
        <div
          class="rounded-lg border text-card-foreground shadow-sm group relative bg-white border-gray-200 shadow-brand hover:shadow-accent transition-all duration-300 hover:scale-105 transform-gpu"
        >
          <div
            class="p-8 text-center"
          >
            <div
              class="flex flex-col items-center space-y-6"
            >
              <div
                class="relative"
              >
                <div
                  class="w-16 h-16 rounded-full bg-gradient-accent flex items-center justify-center group-hover:scale-110 transition-transform duration-300"
                >
                  <div
                    class="w-8 h-8 text-white"
                    data-testid="target-icon"
                  >
                    Target Icon
                  </div>
                </div>
                <div
                  class="absolute inset-0 rounded-full bg-white/10 backdrop-blur-sm opacity-0 group-hover:opacity-100 transition-opacity duration-300"
                />
              </div>
              <div
                class="space-y-3"
              >
                <h3
                  class="font-heading font-semibold text-xl text-primary-800 group-hover:text-primary-900 transition-colors duration-300"
                >
                  Custom Strategy
                </h3>
                <p
                  class="text-secondary-600 leading-relaxed font-serif text-base"
                >
                  Development of tailored automation roadmap based on your specific requirements and organizational goals
                </p>
              </div>
            </div>
          </div>
        </div>
        <div
          class="rounded-lg border text-card-foreground shadow-sm group relative bg-white border-gray-200 shadow-brand hover:shadow-accent transition-all duration-300 hover:scale-105 transform-gpu"
        >
          <div
            class="p-8 text-center"
          >
            <div
              class="flex flex-col items-center space-y-6"
            >
              <div
                class="relative"
              >
                <div
                  class="w-16 h-16 rounded-full bg-gradient-accent flex items-center justify-center group-hover:scale-110 transition-transform duration-300"
                >
                  <div
                    class="w-8 h-8 text-white"
                    data-testid="arrow-right-icon"
                  >
                    Arrow Right Icon
                  </div>
                </div>
                <div
                  class="absolute inset-0 rounded-full bg-white/10 backdrop-blur-sm opacity-0 group-hover:opacity-100 transition-opacity duration-300"
                />
              </div>
              <div
                class="space-y-3"
              >
                <h3
                  class="font-heading font-semibold text-xl text-primary-800 group-hover:text-primary-900 transition-colors duration-300"
                >
                  Clear Next Steps
                </h3>
                <p
                  class="text-secondary-600 leading-relaxed font-serif text-base"
                >
                  Actionable implementation plan and ongoing support guidance to ensure successful automation deployment
                </p>
              </div>
            </div>
          </div>
        </div>
      </div>
    </div>
  </div>
</section>
`;
